2025-11-19 01:03:26 [pipr] Tool versions:
2025-11-19 01:03:27 [pipr]   yt-dlp: 2024.04.09
2025-11-19 01:03:27 [pipr]   ffmpeg: ffmpeg version 6.1.1-3ubuntu5 Copyright (c) 2000-2023 the FFmpeg developers
2025-11-19 01:03:27 [pipr] Source domain detected: example.com
2025-11-19 01:03:27 [pipr] Encoding settings: encoder=libx264 preset=veryfast vbitrate=default abitrate=default arate=default gop=default keyint=default fps=default
2025-11-19 01:03:27 [pipr] Buffering: analyzeduration=20M probesize=100M
2025-11-19 01:03:27 [pipr] Getting media stream URL from yt-dlp for: example.com
ERROR: [generic] Unable to download webpage: <urllib3.connection.HTTPSConnection object at 0x7f6eb21eae70>: Failed to resolve 'example.com' ([Errno -5] No address associated with hostname) (caused by TransportError("<urllib3.connection.HTTPSConnection object at 0x7f6eb21eae70>: Failed to resolve 'example.com' ([Errno -5] No address associated with hostname)"))
2025-11-19 01:03:28 ERROR: Command failed at line 313 with exit code 1
2025-11-19 01:03:28 [pipr] Resolved media host: 2025-11-19 01:03:28 ERROR: Command failed at line 313 with exit code 1
2025-11-19 01:03:28 [pipr] Streaming to RTMP endpoint: rtmp://example.com/live/***
2025-11-19 01:03:28 [pipr] Streaming using codec copy (-c copy)...
[in#0 @ 0x55ea05d18e80] Error opening input: No such file or directory
Error opening input file 2025-11-19 01:03:28 ERROR: Command failed at line 313 with exit code 1.
2025-11-19 01:03:28 [pipr] Codec copy failed. Retrying with re-encoding (libx264/aac)...
Error opening input files: No such file or directory
[in#0 @ 0x55df8997b080] Error opening input: No such file or directory
Error opening input file 2025-11-19 01:03:28 ERROR: Command failed at line 313 with exit code 1.
2025-11-19 01:03:28 ERROR: [pipr] ffmpeg failed, even after re-encoding. See test.log for details.
Error opening input files: No such file or directory
